Archive member included because of file (symbol)

c:/winavr-20100110/bin/../lib/gcc/avr/4.3.3/avr51\libgcc.a(_exit.o)
                              c:/winavr-20100110/bin/../lib/gcc/avr/4.3.3/../../../../avr/lib/avr51/crtusb1286.o (exit)
c:/winavr-20100110/bin/../lib/gcc/avr/4.3.3/avr51\libgcc.a(_clear_bss.o)
                              BootloaderCDC.o (__do_clear_bss)
c:/winavr-20100110/bin/../lib/gcc/avr/4.3.3/../../../../avr/lib/avr51\libc.a(eerd_byte_at90usb1286.o)
                              BootloaderCDC.o (__eerd_byte_usb1286)
c:/winavr-20100110/bin/../lib/gcc/avr/4.3.3/../../../../avr/lib/avr51\libc.a(eeupd_byte_at90usb1286.o)
                              LUFA/Drivers/USB/Core/AVR8/EndpointStream_AVR8.o (__eeupd_byte_usb1286)
c:/winavr-20100110/bin/../lib/gcc/avr/4.3.3/../../../../avr/lib/avr51\libc.a(eewr_byte_at90usb1286.o)
                              BootloaderCDC.o (__eewr_byte_usb1286)

Allocating common symbols
Common symbol       size              file

USB_IsInitialized   0x1               LUFA/Drivers/USB/Core/USBTask.o
USB_Device_ConfigurationNumber
                    0x1               LUFA/Drivers/USB/Core/DeviceStandardReq.o
USB_ControlRequest  0x8               LUFA/Drivers/USB/Core/USBTask.o

Discarded input sections

 .data          0x00000000        0x0 c:/winavr-20100110/bin/../lib/gcc/avr/4.3.3/../../../../avr/lib/avr51/crtusb1286.o
 .bss           0x00000000        0x0 c:/winavr-20100110/bin/../lib/gcc/avr/4.3.3/../../../../avr/lib/avr51/crtusb1286.o
 .text          0x00000000        0x0 BootloaderCDC.o
 .text          0x00000000        0x0 Descriptors.o
 .bss           0x00000000        0x0 Descriptors.o
 .text          0x00000000        0x0 BootloaderAPI.o
 .data          0x00000000        0x0 BootloaderAPI.o
 .bss           0x00000000        0x0 BootloaderAPI.o
 .text          0x00000000        0x0 BootloaderAPITable.o
 .data          0x00000000        0x0 BootloaderAPITable.o
 .bss           0x00000000        0x0 BootloaderAPITable.o
 .text          0x00000000        0x0 LUFA/Drivers/USB/Class/Common/HIDParser.o
 .data          0x00000000        0x0 LUFA/Drivers/USB/Class/Common/HIDParser.o
 .bss           0x00000000        0x0 LUFA/Drivers/USB/Class/Common/HIDParser.o
 .text.USB_GetHIDReportItemInfo
                0x00000000        0x0 LUFA/Drivers/USB/Class/Common/HIDParser.o
 .text.USB_SetHIDReportItemInfo
                0x00000000        0x0 LUFA/Drivers/USB/Class/Common/HIDParser.o
 .text.USB_GetHIDReportSize
                0x00000000        0x0 LUFA/Drivers/USB/Class/Common/HIDParser.o
 .text.USB_ProcessHIDReport
                0x00000000        0x0 LUFA/Drivers/USB/Class/Common/HIDParser.o
 .text          0x00000000        0x0 LUFA/Drivers/USB/Core/AVR8/Device_AVR8.o
 .data          0x00000000        0x0 LUFA/Drivers/USB/Core/AVR8/Device_AVR8.o
 .bss           0x00000000        0x0 LUFA/Drivers/USB/Core/AVR8/Device_AVR8.o
 .text.USB_Device_SendRemoteWakeup
                0x00000000        0x0 LUFA/Drivers/USB/Core/AVR8/Device_AVR8.o
 .text          0x00000000        0x0 LUFA/Drivers/USB/Core/AVR8/EndpointStream_AVR8.o
 .data          0x00000000        0x0 LUFA/Drivers/USB/Core/AVR8/EndpointStream_AVR8.o
 .bss           0x00000000        0x0 LUFA/Drivers/USB/Core/AVR8/EndpointStream_AVR8.o
 .text.Endpoint_Write_Control_Stream_BE
                0x00000000        0x0 LUFA/Drivers/USB/Core/AVR8/EndpointStream_AVR8.o
 .text.Endpoint_Read_Control_Stream_BE
                0x00000000        0x0 LUFA/Drivers/USB/Core/AVR8/EndpointStream_AVR8.o
 .text.Endpoint_Write_Control_PStream_LE
                0x00000000        0x0 LUFA/Drivers/USB/Core/AVR8/EndpointStream_AVR8.o
 .text.Endpoint_Write_Control_PStream_BE
                0x00000000        0x0 LUFA/Drivers/USB/Core/AVR8/EndpointStream_AVR8.o
 .text.Endpoint_Read_Control_EStream_BE
                0x00000000        0x0 LUFA/Drivers/USB/Core/AVR8/EndpointStream_AVR8.o
 .text.Endpoint_Read_Control_EStream_LE
                0x00000000        0x0 LUFA/Drivers/USB/Core/AVR8/EndpointStream_AVR8.o
 .text.Endpoint_Write_Control_EStream_BE
                0x00000000        0x0 LUFA/Drivers/USB/Core/AVR8/EndpointStream_AVR8.o
 .text.Endpoint_Write_Control_EStream_LE
                0x00000000        0x0 LUFA/Drivers/USB/Core/AVR8/EndpointStream_AVR8.o
 .text.Endpoint_Null_Stream
                0x00000000        0x0 LUFA/Drivers/USB/Core/AVR8/EndpointStream_AVR8.o
 .text.Endpoint_Discard_Stream
                0x00000000        0x0 LUFA/Drivers/USB/Core/AVR8/EndpointStream_AVR8.o
 .text.Endpoint_Read_EStream_BE
                0x00000000        0x0 LUFA/Drivers/USB/Core/AVR8/EndpointStream_AVR8.o
 .text.Endpoint_Read_EStream_LE
                0x00000000        0x0 LUFA/Drivers/USB/Core/AVR8/EndpointStream_AVR8.o
 .text.Endpoint_Write_EStream_BE
                0x00000000        0x0 LUFA/Drivers/USB/Core/AVR8/EndpointStream_AVR8.o
 .text.Endpoint_Write_EStream_LE
                0x00000000        0x0 LUFA/Drivers/USB/Core/AVR8/EndpointStream_AVR8.o
 .text.Endpoint_Write_PStream_BE
                0x00000000        0x0 LUFA/Drivers/USB/Core/AVR8/EndpointStream_AVR8.o
 .text.Endpoint_Write_PStream_LE
                0x00000000        0x0 LUFA/Drivers/USB/Core/AVR8/EndpointStream_AVR8.o
 .text.Endpoint_Read_Stream_BE
                0x00000000        0x0 LUFA/Drivers/USB/Core/AVR8/EndpointStream_AVR8.o
 .text.Endpoint_Read_Stream_LE
                0x00000000        0x0 LUFA/Drivers/USB/Core/AVR8/EndpointStream_AVR8.o
 .text.Endpoint_Write_Stream_BE
                0x00000000        0x0 LUFA/Drivers/USB/Core/AVR8/EndpointStream_AVR8.o
 .text.Endpoint_Write_Stream_LE
                0x00000000        0x0 LUFA/Drivers/USB/Core/AVR8/EndpointStream_AVR8.o
 .text          0x00000000        0x0 LUFA/Drivers/USB/Core/AVR8/Endpoint_AVR8.o
 .data          0x00000000        0x0 LUFA/Drivers/USB/Core/AVR8/Endpoint_AVR8.o
 .bss           0x00000000        0x0 LUFA/Drivers/USB/Core/AVR8/Endpoint_AVR8.o
 .text.Endpoint_ConfigureEndpointTable
                0x00000000        0x0 LUFA/Drivers/USB/Core/AVR8/Endpoint_AVR8.o
 .text.Endpoint_ClearEndpoints
                0x00000000        0x0 LUFA/Drivers/USB/Core/AVR8/Endpoint_AVR8.o
 .text.Endpoint_WaitUntilReady
                0x00000000        0x0 LUFA/Drivers/USB/Core/AVR8/Endpoint_AVR8.o
 .text          0x00000000        0x0 LUFA/Drivers/USB/Core/AVR8/Host_AVR8.o
 .data          0x00000000        0x0 LUFA/Drivers/USB/Core/AVR8/Host_AVR8.o
 .bss           0x00000000        0x0 LUFA/Drivers/USB/Core/AVR8/Host_AVR8.o
 .text          0x00000000        0x0 LUFA/Drivers/USB/Core/AVR8/PipeStream_AVR8.o
 .data          0x00000000        0x0 LUFA/Drivers/USB/Core/AVR8/PipeStream_AVR8.o
 .bss           0x00000000        0x0 LUFA/Drivers/USB/Core/AVR8/PipeStream_AVR8.o
 .text          0x00000000        0x0 LUFA/Drivers/USB/Core/AVR8/Pipe_AVR8.o
 .data          0x00000000        0x0 LUFA/Drivers/USB/Core/AVR8/Pipe_AVR8.o
 .bss           0x00000000        0x0 LUFA/Drivers/USB/Core/AVR8/Pipe_AVR8.o
 .text          0x00000000        0x0 LUFA/Drivers/USB/Core/AVR8/USBController_AVR8.o
 .data          0x00000000        0x0 LUFA/Drivers/USB/Core/AVR8/USBController_AVR8.o
 .bss           0x00000000        0x0 LUFA/Drivers/USB/Core/AVR8/USBController_AVR8.o
 .text.USB_Disable
                0x00000000        0x0 LUFA/Drivers/USB/Core/AVR8/USBController_AVR8.o
 .text          0x00000000        0x0 LUFA/Drivers/USB/Core/AVR8/USBInterrupt_AVR8.o
 .data          0x00000000        0x0 LUFA/Drivers/USB/Core/AVR8/USBInterrupt_AVR8.o
 .bss           0x00000000        0x0 LUFA/Drivers/USB/Core/AVR8/USBInterrupt_AVR8.o
 .text          0x00000000        0x0 LUFA/Drivers/USB/Core/ConfigDescriptors.o
 .data          0x00000000        0x0 LUFA/Drivers/USB/Core/ConfigDescriptors.o
 .bss           0x00000000        0x0 LUFA/Drivers/USB/Core/ConfigDescriptors.o
 .text.USB_GetNextDescriptorOfType
                0x00000000        0x0 LUFA/Drivers/USB/Core/ConfigDescriptors.o
 .text.USB_GetNextDescriptorOfTypeBefore
                0x00000000        0x0 LUFA/Drivers/USB/Core/ConfigDescriptors.o
 .text.USB_GetNextDescriptorOfTypeAfter
                0x00000000        0x0 LUFA/Drivers/USB/Core/ConfigDescriptors.o
 .text.USB_GetNextDescriptorComp
                0x00000000        0x0 LUFA/Drivers/USB/Core/ConfigDescriptors.o
 .text          0x00000000        0x0 LUFA/Drivers/USB/Core/DeviceStandardReq.o
 .data          0x00000000        0x0 LUFA/Drivers/USB/Core/DeviceStandardReq.o
 .bss           0x00000000        0x0 LUFA/Drivers/USB/Core/DeviceStandardReq.o
 .text          0x00000000        0x0 LUFA/Drivers/USB/Core/Events.o
 .data          0x00000000        0x0 LUFA/Drivers/USB/Core/Events.o
 .bss           0x00000000        0x0 LUFA/Drivers/USB/Core/Events.o
 .text          0x00000000        0x0 LUFA/Drivers/USB/Core/HostStandardReq.o
 .data          0x00000000        0x0 LUFA/Drivers/USB/Core/HostStandardReq.o
 .bss           0x00000000        0x0 LUFA/Drivers/USB/Core/HostStandardReq.o
 .text          0x00000000        0x0 LUFA/Drivers/USB/Core/USBTask.o
 .data          0x00000000        0x0 LUFA/Drivers/USB/Core/USBTask.o
 .bss           0x00000000        0x0 LUFA/Drivers/USB/Core/USBTask.o
 .text          0x00000000        0x0 c:/winavr-20100110/bin/../lib/gcc/avr/4.3.3/avr51\libgcc.a(_exit.o)
 .data          0x00000000        0x0 c:/winavr-20100110/bin/../lib/gcc/avr/4.3.3/avr51\libgcc.a(_exit.o)
 .bss           0x00000000        0x0 c:/winavr-20100110/bin/../lib/gcc/avr/4.3.3/avr51\libgcc.a(_exit.o)
 .text.libgcc   0x00000000        0x0 c:/winavr-20100110/bin/../lib/gcc/avr/4.3.3/avr51\libgcc.a(_exit.o)
 .text          0x00000000        0x0 c:/winavr-20100110/bin/../lib/gcc/avr/4.3.3/avr51\libgcc.a(_clear_bss.o)
 .data          0x00000000        0x0 c:/winavr-20100110/bin/../lib/gcc/avr/4.3.3/avr51\libgcc.a(_clear_bss.o)
 .bss           0x00000000        0x0 c:/winavr-20100110/bin/../lib/gcc/avr/4.3.3/avr51\libgcc.a(_clear_bss.o)
 .text.libgcc   0x00000000        0x0 c:/winavr-20100110/bin/../lib/gcc/avr/4.3.3/avr51\libgcc.a(_clear_bss.o)
 .text          0x00000000        0x0 c:/winavr-20100110/bin/../lib/gcc/avr/4.3.3/../../../../avr/lib/avr51\libc.a(eerd_byte_at90usb1286.o)
 .data          0x00000000        0x0 c:/winavr-20100110/bin/../lib/gcc/avr/4.3.3/../../../../avr/lib/avr51\libc.a(eerd_byte_at90usb1286.o)
 .bss           0x00000000        0x0 c:/winavr-20100110/bin/../lib/gcc/avr/4.3.3/../../../../avr/lib/avr51\libc.a(eerd_byte_at90usb1286.o)
 .text          0x00000000        0x0 c:/winavr-20100110/bin/../lib/gcc/avr/4.3.3/../../../../avr/lib/avr51\libc.a(eeupd_byte_at90usb1286.o)
 .data          0x00000000        0x0 c:/winavr-20100110/bin/../lib/gcc/avr/4.3.3/../../../../avr/lib/avr51\libc.a(eeupd_byte_at90usb1286.o)
 .bss           0x00000000        0x0 c:/winavr-20100110/bin/../lib/gcc/avr/4.3.3/../../../../avr/lib/avr51\libc.a(eeupd_byte_at90usb1286.o)
 .text.avr-libc
                0x00000000        0x0 c:/winavr-20100110/bin/../lib/gcc/avr/4.3.3/../../../../avr/lib/avr51\libc.a(eeupd_byte_at90usb1286.o)
 .text          0x00000000        0x0 c:/winavr-20100110/bin/../lib/gcc/avr/4.3.3/../../../../avr/lib/avr51\libc.a(eewr_byte_at90usb1286.o)
 .data          0x00000000        0x0 c:/winavr-20100110/bin/../lib/gcc/avr/4.3.3/../../../../avr/lib/avr51\libc.a(eewr_byte_at90usb1286.o)
 .bss           0x00000000        0x0 c:/winavr-20100110/bin/../lib/gcc/avr/4.3.3/../../../../avr/lib/avr51\libc.a(eewr_byte_at90usb1286.o)

Memory Configuration

Name             Origin             Length             Attributes
text             0x00000000         0x00020000         xr
data             0x00800060         0x0000ffa0         rw !x
eeprom           0x00810000         0x00010000         rw !x
fuse             0x00820000         0x00000400         rw !x
lock             0x00830000         0x00000400         rw !x
signature        0x00840000         0x00000400         rw !x
*default*        0x00000000         0xffffffff

Linker script and memory map

Address of section .data set to 0x800100
LOAD c:/winavr-20100110/bin/../lib/gcc/avr/4.3.3/../../../../avr/lib/avr51/crtusb1286.o
LOAD BootloaderCDC.o
LOAD Descriptors.o
LOAD BootloaderAPI.o
LOAD BootloaderAPITable.o
LOAD LUFA/Drivers/USB/Class/Common/HIDParser.o
LOAD LUFA/Drivers/USB/Core/AVR8/Device_AVR8.o
LOAD LUFA/Drivers/USB/Core/AVR8/EndpointStream_AVR8.o
LOAD LUFA/Drivers/USB/Core/AVR8/Endpoint_AVR8.o
LOAD LUFA/Drivers/USB/Core/AVR8/Host_AVR8.o
LOAD LUFA/Drivers/USB/Core/AVR8/PipeStream_AVR8.o
LOAD LUFA/Drivers/USB/Core/AVR8/Pipe_AVR8.o
LOAD LUFA/Drivers/USB/Core/AVR8/USBController_AVR8.o
LOAD LUFA/Drivers/USB/Core/AVR8/USBInterrupt_AVR8.o
LOAD LUFA/Drivers/USB/Core/ConfigDescriptors.o
LOAD LUFA/Drivers/USB/Core/DeviceStandardReq.o
LOAD LUFA/Drivers/USB/Core/Events.o
LOAD LUFA/Drivers/USB/Core/HostStandardReq.o
LOAD LUFA/Drivers/USB/Core/USBTask.o
LOAD c:/winavr-20100110/bin/../lib/gcc/avr/4.3.3/../../../../avr/lib/avr51\libm.a
Address of section .text set to 0x1e000
Address of section .apitable_trampolines set to 0x1ffa0
Address of section .apitable_jumptable set to 0x1ffe0
Address of section .apitable_signatures set to 0x1fff8
LOAD c:/winavr-20100110/bin/../lib/gcc/avr/4.3.3/avr51\libgcc.a
LOAD c:/winavr-20100110/bin/../lib/gcc/avr/4.3.3/../../../../avr/lib/avr51\libc.a
LOAD c:/winavr-20100110/bin/../lib/gcc/avr/4.3.3/avr51\libgcc.a

.hash
 *(.hash)

.dynsym
 *(.dynsym)

.dynstr
 *(.dynstr)

.gnu.version
 *(.gnu.version)

.gnu.version_d
 *(.gnu.version_d)

.gnu.version_r
 *(.gnu.version_r)

.rel.init
 *(.rel.init)

.rela.init
 *(.rela.init)

.rel.text
 *(.rel.text)
 *(.rel.text.*)
 *(.rel.gnu.linkonce.t*)

.rela.text
 *(.rela.text)
 *(.rela.text.*)
 *(.rela.gnu.linkonce.t*)

.rel.fini
 *(.rel.fini)

.rela.fini
 *(.rela.fini)

.rel.rodata
 *(.rel.rodata)
 *(.rel.rodata.*)
 *(.rel.gnu.linkonce.r*)

.rela.rodata
 *(.rela.rodata)
 *(.rela.rodata.*)
 *(.rela.gnu.linkonce.r*)

.rel.data
 *(.rel.data)
 *(.rel.data.*)
 *(.rel.gnu.linkonce.d*)

.rela.data
 *(.rela.data)
 *(.rela.data.*)
 *(.rela.gnu.linkonce.d*)

.rel.ctors
 *(.rel.ctors)

.rela.ctors
 *(.rela.ctors)

.rel.dtors
 *(.rel.dtors)

.rela.dtors
 *(.rela.dtors)

.rel.got
 *(.rel.got)

.rela.got
 *(.rela.got)

.rel.bss
 *(.rel.bss)

.rela.bss
 *(.rela.bss)

.rel.plt
 *(.rel.plt)

.rela.plt
 *(.rela.plt)

.text           0x0001e000      0xf50
 *(.vectors)
 .vectors       0x0001e000       0x98 c:/winavr-20100110/bin/../lib/gcc/avr/4.3.3/../../../../avr/lib/avr51/crtusb1286.o
                0x0001e000                __vectors
                0x0001e000                __vector_default
 *(.vectors)
 *(.progmem.gcc*)
 *(.progmem*)
                0x0001e098                . = ALIGN (0x2)
                0x0001e098                __trampolines_start = .
 *(.trampolines)
 .trampolines   0x0001e098        0x0 linker stubs
 *(.trampolines*)
                0x0001e098                __trampolines_end = .
 *(.jumptables)
 *(.jumptables*)
 *(.lowtext)
 *(.lowtext*)
                0x0001e098                __ctors_start = .
 *(.ctors)
                0x0001e098                __ctors_end = .
                0x0001e098                __dtors_start = .
 *(.dtors)
                0x0001e098                __dtors_end = .
 SORT(*)(.ctors)
 SORT(*)(.dtors)
 *(.init0)
 .init0         0x0001e098        0x0 c:/winavr-20100110/bin/../lib/gcc/avr/4.3.3/../../../../avr/lib/avr51/crtusb1286.o
                0x0001e098                __init
 *(.init0)
 *(.init1)
 *(.init1)
 *(.init2)
 .init2         0x0001e098        0xc c:/winavr-20100110/bin/../lib/gcc/avr/4.3.3/../../../../avr/lib/avr51/crtusb1286.o
 *(.init2)
 *(.init3)
 .init3         0x0001e0a4       0x38 BootloaderCDC.o
                0x0001e0a4                Application_Jump_Check
 *(.init3)
 *(.init4)
 .init4         0x0001e0dc       0x1a c:/winavr-20100110/bin/../lib/gcc/avr/4.3.3/../../../../avr/lib/avr51/crtusb1286.o
                0x0001e0dc                __do_copy_data
 .init4         0x0001e0f6       0x10 c:/winavr-20100110/bin/../lib/gcc/avr/4.3.3/avr51\libgcc.a(_clear_bss.o)
                0x0001e0f6                __do_clear_bss
 *(.init4)
 *(.init5)
 *(.init5)
 *(.init6)
 *(.init6)
 *(.init7)
 *(.init7)
 *(.init8)
 *(.init8)
 *(.init9)
 .init9         0x0001e106        0x4 c:/winavr-20100110/bin/../lib/gcc/avr/4.3.3/../../../../avr/lib/avr51/crtusb1286.o
 *(.init9)
 *(.text)
 .text          0x0001e10a        0x2 c:/winavr-20100110/bin/../lib/gcc/avr/4.3.3/../../../../avr/lib/avr51/crtusb1286.o
                0x0001e10a                __vector_22
                0x0001e10a                __vector_28
                0x0001e10a                __vector_1
                0x0001e10a                __vector_32
                0x0001e10a                __vector_34
                0x0001e10a                __vector_24
                0x0001e10a                __vector_12
                0x0001e10a                __bad_interrupt
                0x0001e10a                __vector_6
                0x0001e10a                __vector_31
                0x0001e10a                __vector_35
                0x0001e10a                __vector_3
                0x0001e10a                __vector_23
                0x0001e10a                __vector_30
                0x0001e10a                __vector_25
                0x0001e10a                __vector_11
                0x0001e10a                __vector_13
                0x0001e10a                __vector_17
                0x0001e10a                __vector_19
                0x0001e10a                __vector_7
                0x0001e10a                __vector_27
                0x0001e10a                __vector_5
                0x0001e10a                __vector_33
                0x0001e10a                __vector_37
                0x0001e10a                __vector_4
                0x0001e10a                __vector_9
                0x0001e10a                __vector_2
                0x0001e10a                __vector_21
                0x0001e10a                __vector_15
                0x0001e10a                __vector_36
                0x0001e10a                __vector_29
                0x0001e10a                __vector_8
                0x0001e10a                __vector_26
                0x0001e10a                __vector_14
                0x0001e10a                __vector_16
                0x0001e10a                __vector_18
                0x0001e10c                . = ALIGN (0x2)
 *(.text.*)
 .text.__vector_20
                0x0001e10c       0x14 BootloaderCDC.o
                0x0001e10c                __vector_20
 .text.FetchNextCommandByte
                0x0001e120       0x30 BootloaderCDC.o
 .text.WriteNextResponseByte
                0x0001e150       0x30 BootloaderCDC.o
 .text.EVENT_USB_Device_ControlRequest
                0x0001e180       0x74 BootloaderCDC.o
                0x0001e180                EVENT_USB_Device_ControlRequest
 .text.EVENT_USB_Device_ConfigurationChanged
                0x0001e1f4       0x18 BootloaderCDC.o
                0x0001e1f4                EVENT_USB_Device_ConfigurationChanged
 .text.main     0x0001e20c      0x5da BootloaderCDC.o
                0x0001e20c                main
 .text.CALLBACK_USB_GetDescriptor
                0x0001e7e6       0x58 Descriptors.o
                0x0001e7e6                CALLBACK_USB_GetDescriptor
 .text.BootloaderAPI_ErasePage
                0x0001e83e       0x2c BootloaderAPI.o
                0x0001e83e                BootloaderAPI_ErasePage
 .text.BootloaderAPI_WritePage
                0x0001e86a       0x2c BootloaderAPI.o
                0x0001e86a                BootloaderAPI_WritePage
 .text.BootloaderAPI_FillWord
                0x0001e896       0x2a BootloaderAPI.o
                0x0001e896                BootloaderAPI_FillWord
 .text.BootloaderAPI_ReadSignature
                0x0001e8c0        0xe BootloaderAPI.o
                0x0001e8c0                BootloaderAPI_ReadSignature
 .text.BootloaderAPI_ReadFuse
                0x0001e8ce        0xe BootloaderAPI.o
                0x0001e8ce                BootloaderAPI_ReadFuse
 .text.BootloaderAPI_ReadLock
                0x0001e8dc        0xe BootloaderAPI.o
                0x0001e8dc                BootloaderAPI_ReadLock
 .text.BootloaderAPI_WriteLock
                0x0001e8ea       0x1e BootloaderAPI.o
                0x0001e8ea                BootloaderAPI_WriteLock
 .text.Endpoint_Write_Control_Stream_LE
                0x0001e908       0xc4 LUFA/Drivers/USB/Core/AVR8/EndpointStream_AVR8.o
                0x0001e908                Endpoint_Write_Control_Stream_LE
 .text.Endpoint_Read_Control_Stream_LE
                0x0001e9cc       0x7e LUFA/Drivers/USB/Core/AVR8/EndpointStream_AVR8.o
                0x0001e9cc                Endpoint_Read_Control_Stream_LE
 .text.Endpoint_ConfigureEndpoint_Prv
                0x0001ea4a       0x28 LUFA/Drivers/USB/Core/AVR8/Endpoint_AVR8.o
                0x0001ea4a                Endpoint_ConfigureEndpoint_Prv
 .text.Endpoint_ClearStatusStage
                0x0001ea72       0x3e LUFA/Drivers/USB/Core/AVR8/Endpoint_AVR8.o
                0x0001ea72                Endpoint_ClearStatusStage
 .text.USB_ResetInterface
                0x0001eab0       0x88 LUFA/Drivers/USB/Core/AVR8/USBController_AVR8.o
                0x0001eab0                USB_ResetInterface
 .text.USB_Init
                0x0001eb38       0x1c LUFA/Drivers/USB/Core/AVR8/USBController_AVR8.o
                0x0001eb38                USB_Init
 .text.USB_INT_DisableAllInterrupts
                0x0001eb54       0x10 LUFA/Drivers/USB/Core/AVR8/USBInterrupt_AVR8.o
                0x0001eb54                USB_INT_DisableAllInterrupts
 .text.USB_INT_ClearAllInterrupts
                0x0001eb64        0xa LUFA/Drivers/USB/Core/AVR8/USBInterrupt_AVR8.o
                0x0001eb64                USB_INT_ClearAllInterrupts
 .text.__vector_10
                0x0001eb6e      0x16e LUFA/Drivers/USB/Core/AVR8/USBInterrupt_AVR8.o
                0x0001eb6e                __vector_10
 .text.USB_Device_ProcessControlRequest
                0x0001ecdc      0x21a LUFA/Drivers/USB/Core/DeviceStandardReq.o
                0x0001ecdc                USB_Device_ProcessControlRequest
 .text.USB_Event_Stub
                0x0001eef6        0x2 LUFA/Drivers/USB/Core/Events.o
                0x0001eef6                EVENT_USB_Device_Connect
                0x0001eef6                EVENT_USB_Device_WakeUp
                0x0001eef6                USB_Event_Stub
                0x0001eef6                EVENT_USB_Device_Suspend
                0x0001eef6                EVENT_USB_Device_StartOfFrame
                0x0001eef6                EVENT_USB_Device_Disconnect
                0x0001eef6                EVENT_USB_Device_Reset
 .text.USB_USBTask
                0x0001eef8       0x28 LUFA/Drivers/USB/Core/USBTask.o
                0x0001eef8                USB_USBTask
 .text.avr-libc
                0x0001ef20       0x10 c:/winavr-20100110/bin/../lib/gcc/avr/4.3.3/../../../../avr/lib/avr51\libc.a(eerd_byte_at90usb1286.o)
                0x0001ef20                __eerd_byte_usb1286
 .text.avr-libc
                0x0001ef30       0x1c c:/winavr-20100110/bin/../lib/gcc/avr/4.3.3/../../../../avr/lib/avr51\libc.a(eewr_byte_at90usb1286.o)
                0x0001ef30                __eewr_byte_usb1286
                0x0001ef32                __eewr_r18_usb1286
                0x0001ef4c                . = ALIGN (0x2)
 *(.fini9)
 .fini9         0x0001ef4c        0x0 c:/winavr-20100110/bin/../lib/gcc/avr/4.3.3/avr51\libgcc.a(_exit.o)
                0x0001ef4c                exit
                0x0001ef4c                _exit
 *(.fini9)
 *(.fini8)
 *(.fini8)
 *(.fini7)
 *(.fini7)
 *(.fini6)
 *(.fini6)
 *(.fini5)
 *(.fini5)
 *(.fini4)
 *(.fini4)
 *(.fini3)
 *(.fini3)
 *(.fini2)
 *(.fini2)
 *(.fini1)
 *(.fini1)
 *(.fini0)
 .fini0         0x0001ef4c        0x4 c:/winavr-20100110/bin/../lib/gcc/avr/4.3.3/avr51\libgcc.a(_exit.o)
 *(.fini0)
                0x0001ef50                _etext = .

.data           0x00800100       0x92 load address 0x0001ef50
                0x00800100                PROVIDE (__data_start, .)
 *(.data)
 .data          0x00800100       0x10 BootloaderCDC.o
 .data          0x00800110       0x82 Descriptors.o
                0x00800164                ManufacturerString
                0x00800160                LanguageString
                0x00800110                DeviceDescriptor
                0x0080017e                ProductString
                0x00800122                ConfigurationDescriptor
 *(.data*)
 *(.rodata)
 *(.rodata*)
 *(.gnu.linkonce.d*)
                0x00800192                . = ALIGN (0x2)
                0x00800192                _edata = .
                0x00800192                PROVIDE (__data_end, .)

.bss            0x00800192        0xe
                0x00800192                PROVIDE (__bss_start, .)
 *(.bss)
 .bss           0x00800192        0x4 BootloaderCDC.o
 *(.bss*)
 *(COMMON)
 COMMON         0x00800196        0x1 LUFA/Drivers/USB/Core/DeviceStandardReq.o
                0x00800196                USB_Device_ConfigurationNumber
 COMMON         0x00800197        0x9 LUFA/Drivers/USB/Core/USBTask.o
                0x00800197                USB_IsInitialized
                0x00800198                USB_ControlRequest
                0x008001a0                PROVIDE (__bss_end, .)
                0x0001ef50                __data_load_start = LOADADDR (.data)
                0x0001efe2                __data_load_end = (__data_load_start + SIZEOF (.data))

.noinit         0x008001a0        0x2
                0x008001a0                PROVIDE (__noinit_start, .)
 *(.noinit*)
 .noinit        0x008001a0        0x2 BootloaderCDC.o
                0x008001a0                MagicBootKey
                0x008001a2                PROVIDE (__noinit_end, .)
                0x008001a2                _end = .
                0x008001a2                PROVIDE (__heap_start, .)

.eeprom         0x00810000        0x0
 *(.eeprom*)
                0x00810000                __eeprom_end = .

.fuse
 *(.fuse)
 *(.lfuse)
 *(.hfuse)
 *(.efuse)

.lock
 *(.lock*)

.signature
 *(.signature*)

.stab
 *(.stab)

.stabstr
 *(.stabstr)

.stab.excl
 *(.stab.excl)

.stab.exclstr
 *(.stab.exclstr)

.stab.index
 *(.stab.index)

.stab.indexstr
 *(.stab.indexstr)

.comment
 *(.comment)

.debug
 *(.debug)

.line
 *(.line)

.debug_srcinfo
 *(.debug_srcinfo)

.debug_sfnames
 *(.debug_sfnames)

.debug_aranges  0x00000000      0x318
 *(.debug_aranges)
 .debug_aranges
                0x00000000       0x50 BootloaderCDC.o
 .debug_aranges
                0x00000050       0x20 Descriptors.o
 .debug_aranges
                0x00000070       0x50 BootloaderAPI.o
 .debug_aranges
                0x000000c0       0x38 LUFA/Drivers/USB/Class/Common/HIDParser.o
 .debug_aranges
                0x000000f8       0x20 LUFA/Drivers/USB/Core/AVR8/Device_AVR8.o
 .debug_aranges
                0x00000118       0xc8 LUFA/Drivers/USB/Core/AVR8/EndpointStream_AVR8.o
 .debug_aranges
                0x000001e0       0x40 LUFA/Drivers/USB/Core/AVR8/Endpoint_AVR8.o
 .debug_aranges
                0x00000220       0x30 LUFA/Drivers/USB/Core/AVR8/USBController_AVR8.o
 .debug_aranges
                0x00000250       0x30 LUFA/Drivers/USB/Core/AVR8/USBInterrupt_AVR8.o
 .debug_aranges
                0x00000280       0x38 LUFA/Drivers/USB/Core/ConfigDescriptors.o
 .debug_aranges
                0x000002b8       0x20 LUFA/Drivers/USB/Core/DeviceStandardReq.o
 .debug_aranges
                0x000002d8       0x20 LUFA/Drivers/USB/Core/Events.o
 .debug_aranges
                0x000002f8       0x20 LUFA/Drivers/USB/Core/USBTask.o

.debug_pubnames
                0x00000000      0x869
 *(.debug_pubnames)
 .debug_pubnames
                0x00000000       0xa5 BootloaderCDC.o
 .debug_pubnames
                0x000000a5       0x9e Descriptors.o
 .debug_pubnames
                0x00000143       0xd7 BootloaderAPI.o
 .debug_pubnames
                0x0000021a       0x7e LUFA/Drivers/USB/Class/Common/HIDParser.o
 .debug_pubnames
                0x00000298       0x32 LUFA/Drivers/USB/Core/AVR8/Device_AVR8.o
 .debug_pubnames
                0x000002ca      0x2df LUFA/Drivers/USB/Core/AVR8/EndpointStream_AVR8.o
 .debug_pubnames
                0x000005a9       0xaf LUFA/Drivers/USB/Core/AVR8/Endpoint_AVR8.o
 .debug_pubnames
                0x00000658       0x46 LUFA/Drivers/USB/Core/AVR8/USBController_AVR8.o
 .debug_pubnames
                0x0000069e       0x62 LUFA/Drivers/USB/Core/AVR8/USBInterrupt_AVR8.o
 .debug_pubnames
                0x00000700       0x9b LUFA/Drivers/USB/Core/ConfigDescriptors.o
 .debug_pubnames
                0x0000079b       0x5a LUFA/Drivers/USB/Core/DeviceStandardReq.o
 .debug_pubnames
                0x000007f5       0x25 LUFA/Drivers/USB/Core/Events.o
 .debug_pubnames
                0x0000081a       0x4f LUFA/Drivers/USB/Core/USBTask.o

.debug_info     0x00000000     0x4e79
 *(.debug_info)
 .debug_info    0x00000000      0xb00 BootloaderCDC.o
 .debug_info    0x00000b00      0x62a Descriptors.o
 .debug_info    0x0000112a      0x218 BootloaderAPI.o
 .debug_info    0x00001342      0x6ee LUFA/Drivers/USB/Class/Common/HIDParser.o
 .debug_info    0x00001a30       0xc4 LUFA/Drivers/USB/Core/AVR8/Device_AVR8.o
 .debug_info    0x00001af4     0x15c2 LUFA/Drivers/USB/Core/AVR8/EndpointStream_AVR8.o
 .debug_info    0x000030b6      0x570 LUFA/Drivers/USB/Core/AVR8/Endpoint_AVR8.o
 .debug_info    0x00003626       0x61 LUFA/Drivers/USB/Core/AVR8/Host_AVR8.o
 .debug_info    0x00003687       0x61 LUFA/Drivers/USB/Core/AVR8/PipeStream_AVR8.o
 .debug_info    0x000036e8       0x61 LUFA/Drivers/USB/Core/AVR8/Pipe_AVR8.o
 .debug_info    0x00003749      0x47e LUFA/Drivers/USB/Core/AVR8/USBController_AVR8.o
 .debug_info    0x00003bc7      0x514 LUFA/Drivers/USB/Core/AVR8/USBInterrupt_AVR8.o
 .debug_info    0x000040db      0x34e LUFA/Drivers/USB/Core/ConfigDescriptors.o
 .debug_info    0x00004429      0x724 LUFA/Drivers/USB/Core/DeviceStandardReq.o
 .debug_info    0x00004b4d       0x79 LUFA/Drivers/USB/Core/Events.o
 .debug_info    0x00004bc6       0x61 LUFA/Drivers/USB/Core/HostStandardReq.o
 .debug_info    0x00004c27      0x252 LUFA/Drivers/USB/Core/USBTask.o
 *(.gnu.linkonce.wi.*)

.debug_abbrev   0x00000000     0x1345
 *(.debug_abbrev)
 .debug_abbrev  0x00000000      0x2bc BootloaderCDC.o
 .debug_abbrev  0x000002bc      0x128 Descriptors.o
 .debug_abbrev  0x000003e4       0xcb BootloaderAPI.o
 .debug_abbrev  0x000004af      0x201 LUFA/Drivers/USB/Class/Common/HIDParser.o
 .debug_abbrev  0x000006b0       0x79 LUFA/Drivers/USB/Core/AVR8/Device_AVR8.o
 .debug_abbrev  0x00000729      0x1b4 LUFA/Drivers/USB/Core/AVR8/EndpointStream_AVR8.o
 .debug_abbrev  0x000008dd      0x1e9 LUFA/Drivers/USB/Core/AVR8/Endpoint_AVR8.o
 .debug_abbrev  0x00000ac6       0x33 LUFA/Drivers/USB/Core/AVR8/Host_AVR8.o
 .debug_abbrev  0x00000af9       0x33 LUFA/Drivers/USB/Core/AVR8/PipeStream_AVR8.o
 .debug_abbrev  0x00000b2c       0x33 LUFA/Drivers/USB/Core/AVR8/Pipe_AVR8.o
 .debug_abbrev  0x00000b5f      0x134 LUFA/Drivers/USB/Core/AVR8/USBController_AVR8.o
 .debug_abbrev  0x00000c93      0x178 LUFA/Drivers/USB/Core/AVR8/USBInterrupt_AVR8.o
 .debug_abbrev  0x00000e0b      0x15c LUFA/Drivers/USB/Core/ConfigDescriptors.o
 .debug_abbrev  0x00000f67      0x1ed LUFA/Drivers/USB/Core/DeviceStandardReq.o
 .debug_abbrev  0x00001154       0x4a LUFA/Drivers/USB/Core/Events.o
 .debug_abbrev  0x0000119e       0x33 LUFA/Drivers/USB/Core/HostStandardReq.o
 .debug_abbrev  0x000011d1      0x174 LUFA/Drivers/USB/Core/USBTask.o

.debug_line     0x00000000     0x4071
 *(.debug_line)
 .debug_line    0x00000000      0x8c8 BootloaderCDC.o
 .debug_line    0x000008c8      0x189 Descriptors.o
 .debug_line    0x00000a51      0x198 BootloaderAPI.o
 .debug_line    0x00000be9      0x594 LUFA/Drivers/USB/Class/Common/HIDParser.o
 .debug_line    0x0000117d      0x11b LUFA/Drivers/USB/Core/AVR8/Device_AVR8.o
 .debug_line    0x00001298     0x17f3 LUFA/Drivers/USB/Core/AVR8/EndpointStream_AVR8.o
 .debug_line    0x00002a8b      0x45e LUFA/Drivers/USB/Core/AVR8/Endpoint_AVR8.o
 .debug_line    0x00002ee9       0x3e LUFA/Drivers/USB/Core/AVR8/Host_AVR8.o
 .debug_line    0x00002f27       0x3e LUFA/Drivers/USB/Core/AVR8/PipeStream_AVR8.o
 .debug_line    0x00002f65       0x3e LUFA/Drivers/USB/Core/AVR8/Pipe_AVR8.o
 .debug_line    0x00002fa3      0x369 LUFA/Drivers/USB/Core/AVR8/USBController_AVR8.o
 .debug_line    0x0000330c      0x4bc LUFA/Drivers/USB/Core/AVR8/USBInterrupt_AVR8.o
 .debug_line    0x000037c8      0x234 LUFA/Drivers/USB/Core/ConfigDescriptors.o
 .debug_line    0x000039fc      0x428 LUFA/Drivers/USB/Core/DeviceStandardReq.o
 .debug_line    0x00003e24       0x7a LUFA/Drivers/USB/Core/Events.o
 .debug_line    0x00003e9e       0x3e LUFA/Drivers/USB/Core/HostStandardReq.o
 .debug_line    0x00003edc      0x195 LUFA/Drivers/USB/Core/USBTask.o

.debug_frame    0x00000000      0x490
 *(.debug_frame)
 .debug_frame   0x00000000       0x80 BootloaderCDC.o
 .debug_frame   0x00000080       0x20 Descriptors.o
 .debug_frame   0x000000a0       0x80 BootloaderAPI.o
 .debug_frame   0x00000120       0x50 LUFA/Drivers/USB/Class/Common/HIDParser.o
 .debug_frame   0x00000170       0x20 LUFA/Drivers/USB/Core/AVR8/Device_AVR8.o
 .debug_frame   0x00000190      0x170 LUFA/Drivers/USB/Core/AVR8/EndpointStream_AVR8.o
 .debug_frame   0x00000300       0x60 LUFA/Drivers/USB/Core/AVR8/Endpoint_AVR8.o
 .debug_frame   0x00000360       0x40 LUFA/Drivers/USB/Core/AVR8/USBController_AVR8.o
 .debug_frame   0x000003a0       0x40 LUFA/Drivers/USB/Core/AVR8/USBInterrupt_AVR8.o
 .debug_frame   0x000003e0       0x50 LUFA/Drivers/USB/Core/ConfigDescriptors.o
 .debug_frame   0x00000430       0x20 LUFA/Drivers/USB/Core/DeviceStandardReq.o
 .debug_frame   0x00000450       0x20 LUFA/Drivers/USB/Core/Events.o
 .debug_frame   0x00000470       0x20 LUFA/Drivers/USB/Core/USBTask.o

.debug_str      0x00000000     0x2588
 *(.debug_str)
 .debug_str     0x00000000      0x9b3 BootloaderCDC.o
                                0xa2e (size before relaxing)
 .debug_str     0x000009b3      0x571 Descriptors.o
                                0x68c (size before relaxing)
 .debug_str     0x00000f24       0xc2 BootloaderAPI.o
                                0x18d (size before relaxing)
 .debug_str     0x00000fe6      0x486 LUFA/Drivers/USB/Class/Common/HIDParser.o
                                0x5b1 (size before relaxing)
 .debug_str     0x0000146c       0x71 LUFA/Drivers/USB/Core/AVR8/Device_AVR8.o
                                0x10c (size before relaxing)
 .debug_str     0x000014dd      0x4de LUFA/Drivers/USB/Core/AVR8/EndpointStream_AVR8.o
                                0x72a (size before relaxing)
 .debug_str     0x000019bb      0x279 LUFA/Drivers/USB/Core/AVR8/Endpoint_AVR8.o
                                0x503 (size before relaxing)
 .debug_str     0x00001c34       0x27 LUFA/Drivers/USB/Core/AVR8/Host_AVR8.o
                                 0xbc (size before relaxing)
 .debug_str     0x00001c5b       0x2d LUFA/Drivers/USB/Core/AVR8/PipeStream_AVR8.o
                                 0xc2 (size before relaxing)
 .debug_str     0x00001c88       0x27 LUFA/Drivers/USB/Core/AVR8/Pipe_AVR8.o
                                 0xbc (size before relaxing)
 .debug_str     0x00001caf      0x1fd LUFA/Drivers/USB/Core/AVR8/USBController_AVR8.o
                                0x3cf (size before relaxing)
 .debug_str     0x00001eac       0xe3 LUFA/Drivers/USB/Core/AVR8/USBInterrupt_AVR8.o
                                0x380 (size before relaxing)
 .debug_str     0x00001f8f      0x217 LUFA/Drivers/USB/Core/ConfigDescriptors.o
                                0x2da (size before relaxing)
 .debug_str     0x000021a6      0x328 LUFA/Drivers/USB/Core/DeviceStandardReq.o
                                0x5d5 (size before relaxing)
 .debug_str     0x000024ce       0x2e LUFA/Drivers/USB/Core/Events.o
                                 0xc3 (size before relaxing)
 .debug_str     0x000024fc       0x28 LUFA/Drivers/USB/Core/HostStandardReq.o
                                 0xbd (size before relaxing)
 .debug_str     0x00002524       0x64 LUFA/Drivers/USB/Core/USBTask.o
                                0x26a (size before relaxing)

.debug_loc      0x00000000     0x2876
 *(.debug_loc)
 .debug_loc     0x00000000      0x32d BootloaderCDC.o
 .debug_loc     0x0000032d      0x150 Descriptors.o
 .debug_loc     0x0000047d      0x113 BootloaderAPI.o
 .debug_loc     0x00000590      0x584 LUFA/Drivers/USB/Class/Common/HIDParser.o
 .debug_loc     0x00000b14     0x182a LUFA/Drivers/USB/Core/AVR8/EndpointStream_AVR8.o
 .debug_loc     0x0000233e      0x111 LUFA/Drivers/USB/Core/AVR8/Endpoint_AVR8.o
 .debug_loc     0x0000244f      0x2c7 LUFA/Drivers/USB/Core/ConfigDescriptors.o
 .debug_loc     0x00002716      0x160 LUFA/Drivers/USB/Core/DeviceStandardReq.o

.debug_macinfo
 *(.debug_macinfo)
OUTPUT(BootloaderCDC.elf elf32-avr)
LOAD linker stubs

.apitable_trampolines
                0x0001ffa0       0x26
 .apitable_trampolines
                0x0001ffa0       0x26 BootloaderAPITable.o
                0x0001ffa0                BootloaderAPI_Trampolines

.apitable_jumptable
                0x0001ffe0       0x18
 .apitable_jumptable
                0x0001ffe0       0x18 BootloaderAPITable.o
                0x0001ffe0                BootloaderAPI_JumpTable

.apitable_signatures
                0x0001fff8        0x8
 .apitable_signatures
                0x0001fff8        0x8 BootloaderAPITable.o
                0x0001fff8                BootloaderAPI_Signatures

.debug_ranges   0x00000000      0x440
 .debug_ranges  0x00000000      0x150 BootloaderCDC.o
 .debug_ranges  0x00000150       0x18 Descriptors.o
 .debug_ranges  0x00000168       0x48 BootloaderAPI.o
 .debug_ranges  0x000001b0       0xa0 LUFA/Drivers/USB/Class/Common/HIDParser.o
 .debug_ranges  0x00000250       0x18 LUFA/Drivers/USB/Core/AVR8/Device_AVR8.o
 .debug_ranges  0x00000268       0xc0 LUFA/Drivers/USB/Core/AVR8/EndpointStream_AVR8.o
 .debug_ranges  0x00000328       0x50 LUFA/Drivers/USB/Core/AVR8/Endpoint_AVR8.o
 .debug_ranges  0x00000378       0x28 LUFA/Drivers/USB/Core/AVR8/USBController_AVR8.o
 .debug_ranges  0x000003a0       0x28 LUFA/Drivers/USB/Core/AVR8/USBInterrupt_AVR8.o
 .debug_ranges  0x000003c8       0x30 LUFA/Drivers/USB/Core/ConfigDescriptors.o
 .debug_ranges  0x000003f8       0x18 LUFA/Drivers/USB/Core/DeviceStandardReq.o
 .debug_ranges  0x00000410       0x18 LUFA/Drivers/USB/Core/Events.o
 .debug_ranges  0x00000428       0x18 LUFA/Drivers/USB/Core/USBTask.o

Cross Reference Table

Symbol                                            File
Application_Jump_Check                            BootloaderCDC.o
BootloaderAPI_ErasePage                           BootloaderAPI.o
                                                  BootloaderAPITable.o
BootloaderAPI_FillWord                            BootloaderAPI.o
                                                  BootloaderAPITable.o
BootloaderAPI_JumpTable                           BootloaderAPITable.o
BootloaderAPI_ReadFuse                            BootloaderAPI.o
                                                  BootloaderAPITable.o
BootloaderAPI_ReadLock                            BootloaderAPI.o
                                                  BootloaderAPITable.o
BootloaderAPI_ReadSignature                       BootloaderAPI.o
                                                  BootloaderAPITable.o
BootloaderAPI_Signatures                          BootloaderAPITable.o
BootloaderAPI_Trampolines                         BootloaderAPITable.o
BootloaderAPI_WriteLock                           BootloaderAPI.o
                                                  BootloaderAPITable.o
BootloaderAPI_WritePage                           BootloaderAPI.o
                                                  BootloaderAPITable.o
CALLBACK_HIDParser_FilterHIDReportItem            LUFA/Drivers/USB/Class/Common/HIDParser.o
CALLBACK_USB_GetDescriptor                        Descriptors.o
                                                  LUFA/Drivers/USB/Core/DeviceStandardReq.o
ConfigurationDescriptor                           Descriptors.o
DeviceDescriptor                                  Descriptors.o
EVENT_USB_Device_ConfigurationChanged             BootloaderCDC.o
                                                  LUFA/Drivers/USB/Core/DeviceStandardReq.o
EVENT_USB_Device_Connect                          LUFA/Drivers/USB/Core/Events.o
                                                  LUFA/Drivers/USB/Core/AVR8/USBInterrupt_AVR8.o
EVENT_USB_Device_ControlRequest                   BootloaderCDC.o
                                                  LUFA/Drivers/USB/Core/DeviceStandardReq.o
EVENT_USB_Device_Disconnect                       LUFA/Drivers/USB/Core/Events.o
                                                  LUFA/Drivers/USB/Core/AVR8/USBInterrupt_AVR8.o
EVENT_USB_Device_Reset                            LUFA/Drivers/USB/Core/Events.o
                                                  LUFA/Drivers/USB/Core/AVR8/USBInterrupt_AVR8.o
EVENT_USB_Device_StartOfFrame                     LUFA/Drivers/USB/Core/Events.o
EVENT_USB_Device_Suspend                          LUFA/Drivers/USB/Core/Events.o
                                                  LUFA/Drivers/USB/Core/AVR8/USBInterrupt_AVR8.o
EVENT_USB_Device_WakeUp                           LUFA/Drivers/USB/Core/Events.o
                                                  LUFA/Drivers/USB/Core/AVR8/USBInterrupt_AVR8.o
Endpoint_ClearEndpoints                           LUFA/Drivers/USB/Core/AVR8/Endpoint_AVR8.o
Endpoint_ClearStatusStage                         LUFA/Drivers/USB/Core/AVR8/Endpoint_AVR8.o
                                                  LUFA/Drivers/USB/Core/DeviceStandardReq.o
                                                  BootloaderCDC.o
Endpoint_ConfigureEndpointTable                   LUFA/Drivers/USB/Core/AVR8/Endpoint_AVR8.o
Endpoint_ConfigureEndpoint_Prv                    LUFA/Drivers/USB/Core/AVR8/Endpoint_AVR8.o
                                                  LUFA/Drivers/USB/Core/AVR8/USBInterrupt_AVR8.o
                                                  LUFA/Drivers/USB/Core/AVR8/USBController_AVR8.o
                                                  BootloaderCDC.o
Endpoint_Discard_Stream                           LUFA/Drivers/USB/Core/AVR8/EndpointStream_AVR8.o
Endpoint_Null_Stream                              LUFA/Drivers/USB/Core/AVR8/EndpointStream_AVR8.o
Endpoint_Read_Control_EStream_BE                  LUFA/Drivers/USB/Core/AVR8/EndpointStream_AVR8.o
Endpoint_Read_Control_EStream_LE                  LUFA/Drivers/USB/Core/AVR8/EndpointStream_AVR8.o
Endpoint_Read_Control_Stream_BE                   LUFA/Drivers/USB/Core/AVR8/EndpointStream_AVR8.o
Endpoint_Read_Control_Stream_LE                   LUFA/Drivers/USB/Core/AVR8/EndpointStream_AVR8.o
                                                  BootloaderCDC.o
Endpoint_Read_EStream_BE                          LUFA/Drivers/USB/Core/AVR8/EndpointStream_AVR8.o
Endpoint_Read_EStream_LE                          LUFA/Drivers/USB/Core/AVR8/EndpointStream_AVR8.o
Endpoint_Read_Stream_BE                           LUFA/Drivers/USB/Core/AVR8/EndpointStream_AVR8.o
Endpoint_Read_Stream_LE                           LUFA/Drivers/USB/Core/AVR8/EndpointStream_AVR8.o
Endpoint_WaitUntilReady                           LUFA/Drivers/USB/Core/AVR8/Endpoint_AVR8.o
                                                  LUFA/Drivers/USB/Core/AVR8/EndpointStream_AVR8.o
Endpoint_Write_Control_EStream_BE                 LUFA/Drivers/USB/Core/AVR8/EndpointStream_AVR8.o
Endpoint_Write_Control_EStream_LE                 LUFA/Drivers/USB/Core/AVR8/EndpointStream_AVR8.o
Endpoint_Write_Control_PStream_BE                 LUFA/Drivers/USB/Core/AVR8/EndpointStream_AVR8.o
Endpoint_Write_Control_PStream_LE                 LUFA/Drivers/USB/Core/AVR8/EndpointStream_AVR8.o
Endpoint_Write_Control_Stream_BE                  LUFA/Drivers/USB/Core/AVR8/EndpointStream_AVR8.o
Endpoint_Write_Control_Stream_LE                  LUFA/Drivers/USB/Core/AVR8/EndpointStream_AVR8.o
                                                  LUFA/Drivers/USB/Core/DeviceStandardReq.o
                                                  BootloaderCDC.o
Endpoint_Write_EStream_BE                         LUFA/Drivers/USB/Core/AVR8/EndpointStream_AVR8.o
Endpoint_Write_EStream_LE                         LUFA/Drivers/USB/Core/AVR8/EndpointStream_AVR8.o
Endpoint_Write_PStream_BE                         LUFA/Drivers/USB/Core/AVR8/EndpointStream_AVR8.o
Endpoint_Write_PStream_LE                         LUFA/Drivers/USB/Core/AVR8/EndpointStream_AVR8.o
Endpoint_Write_Stream_BE                          LUFA/Drivers/USB/Core/AVR8/EndpointStream_AVR8.o
Endpoint_Write_Stream_LE                          LUFA/Drivers/USB/Core/AVR8/EndpointStream_AVR8.o
LanguageString                                    Descriptors.o
MagicBootKey                                      BootloaderCDC.o
ManufacturerString                                Descriptors.o
ProductString                                     Descriptors.o
USB_ControlRequest                                LUFA/Drivers/USB/Core/USBTask.o
                                                  LUFA/Drivers/USB/Core/DeviceStandardReq.o
                                                  LUFA/Drivers/USB/Core/AVR8/Endpoint_AVR8.o
                                                  LUFA/Drivers/USB/Core/AVR8/EndpointStream_AVR8.o
                                                  BootloaderCDC.o
USB_Device_ConfigurationNumber                    LUFA/Drivers/USB/Core/DeviceStandardReq.o
                                                  LUFA/Drivers/USB/Core/AVR8/USBInterrupt_AVR8.o
                                                  LUFA/Drivers/USB/Core/AVR8/USBController_AVR8.o
USB_Device_ProcessControlRequest                  LUFA/Drivers/USB/Core/DeviceStandardReq.o
                                                  LUFA/Drivers/USB/Core/USBTask.o
USB_Device_SendRemoteWakeup                       LUFA/Drivers/USB/Core/AVR8/Device_AVR8.o
USB_Disable                                       LUFA/Drivers/USB/Core/AVR8/USBController_AVR8.o
USB_Event_Stub                                    LUFA/Drivers/USB/Core/Events.o
USB_GetHIDReportItemInfo                          LUFA/Drivers/USB/Class/Common/HIDParser.o
USB_GetHIDReportSize                              LUFA/Drivers/USB/Class/Common/HIDParser.o
USB_GetNextDescriptorComp                         LUFA/Drivers/USB/Core/ConfigDescriptors.o
USB_GetNextDescriptorOfType                       LUFA/Drivers/USB/Core/ConfigDescriptors.o
USB_GetNextDescriptorOfTypeAfter                  LUFA/Drivers/USB/Core/ConfigDescriptors.o
USB_GetNextDescriptorOfTypeBefore                 LUFA/Drivers/USB/Core/ConfigDescriptors.o
USB_INT_ClearAllInterrupts                        LUFA/Drivers/USB/Core/AVR8/USBInterrupt_AVR8.o
                                                  LUFA/Drivers/USB/Core/AVR8/USBController_AVR8.o
USB_INT_DisableAllInterrupts                      LUFA/Drivers/USB/Core/AVR8/USBInterrupt_AVR8.o
                                                  LUFA/Drivers/USB/Core/AVR8/USBController_AVR8.o
USB_Init                                          LUFA/Drivers/USB/Core/AVR8/USBController_AVR8.o
                                                  BootloaderCDC.o
USB_IsInitialized                                 LUFA/Drivers/USB/Core/USBTask.o
                                                  LUFA/Drivers/USB/Core/AVR8/USBController_AVR8.o
USB_ProcessHIDReport                              LUFA/Drivers/USB/Class/Common/HIDParser.o
USB_ResetInterface                                LUFA/Drivers/USB/Core/AVR8/USBController_AVR8.o
USB_SetHIDReportItemInfo                          LUFA/Drivers/USB/Class/Common/HIDParser.o
USB_USBTask                                       LUFA/Drivers/USB/Core/USBTask.o
                                                  LUFA/Drivers/USB/Core/AVR8/EndpointStream_AVR8.o
                                                  BootloaderCDC.o
__bad_interrupt                                   c:/winavr-20100110/bin/../lib/gcc/avr/4.3.3/../../../../avr/lib/avr51/crtusb1286.o
__bss_end                                         c:/winavr-20100110/bin/../lib/gcc/avr/4.3.3/avr51\libgcc.a(_clear_bss.o)
__bss_start                                       c:/winavr-20100110/bin/../lib/gcc/avr/4.3.3/avr51\libgcc.a(_clear_bss.o)
__data_end                                        c:/winavr-20100110/bin/../lib/gcc/avr/4.3.3/../../../../avr/lib/avr51/crtusb1286.o
__data_load_start                                 c:/winavr-20100110/bin/../lib/gcc/avr/4.3.3/../../../../avr/lib/avr51/crtusb1286.o
__data_start                                      c:/winavr-20100110/bin/../lib/gcc/avr/4.3.3/../../../../avr/lib/avr51/crtusb1286.o
__do_clear_bss                                    c:/winavr-20100110/bin/../lib/gcc/avr/4.3.3/avr51\libgcc.a(_clear_bss.o)
                                                  LUFA/Drivers/USB/Core/USBTask.o
                                                  LUFA/Drivers/USB/Core/DeviceStandardReq.o
                                                  BootloaderCDC.o
__do_copy_data                                    c:/winavr-20100110/bin/../lib/gcc/avr/4.3.3/../../../../avr/lib/avr51/crtusb1286.o
                                                  Descriptors.o
                                                  BootloaderCDC.o
__eerd_byte_usb1286                               c:/winavr-20100110/bin/../lib/gcc/avr/4.3.3/../../../../avr/lib/avr51\libc.a(eerd_byte_at90usb1286.o)
                                                  LUFA/Drivers/USB/Core/AVR8/EndpointStream_AVR8.o
                                                  BootloaderCDC.o
__eeupd_byte_usb1286                              c:/winavr-20100110/bin/../lib/gcc/avr/4.3.3/../../../../avr/lib/avr51\libc.a(eeupd_byte_at90usb1286.o)
                                                  LUFA/Drivers/USB/Core/AVR8/EndpointStream_AVR8.o
__eeupd_r18_usb1286                               c:/winavr-20100110/bin/../lib/gcc/avr/4.3.3/../../../../avr/lib/avr51\libc.a(eeupd_byte_at90usb1286.o)
__eewr_byte_usb1286                               c:/winavr-20100110/bin/../lib/gcc/avr/4.3.3/../../../../avr/lib/avr51\libc.a(eewr_byte_at90usb1286.o)
                                                  BootloaderCDC.o
__eewr_r18_usb1286                                c:/winavr-20100110/bin/../lib/gcc/avr/4.3.3/../../../../avr/lib/avr51\libc.a(eewr_byte_at90usb1286.o)
__heap_end                                        c:/winavr-20100110/bin/../lib/gcc/avr/4.3.3/../../../../avr/lib/avr51/crtusb1286.o
__init                                            c:/winavr-20100110/bin/../lib/gcc/avr/4.3.3/../../../../avr/lib/avr51/crtusb1286.o
__stack                                           c:/winavr-20100110/bin/../lib/gcc/avr/4.3.3/../../../../avr/lib/avr51/crtusb1286.o
__vector_1                                        c:/winavr-20100110/bin/../lib/gcc/avr/4.3.3/../../../../avr/lib/avr51/crtusb1286.o
__vector_10                                       LUFA/Drivers/USB/Core/AVR8/USBInterrupt_AVR8.o
                                                  c:/winavr-20100110/bin/../lib/gcc/avr/4.3.3/../../../../avr/lib/avr51/crtusb1286.o
__vector_11                                       c:/winavr-20100110/bin/../lib/gcc/avr/4.3.3/../../../../avr/lib/avr51/crtusb1286.o
__vector_12                                       c:/winavr-20100110/bin/../lib/gcc/avr/4.3.3/../../../../avr/lib/avr51/crtusb1286.o
__vector_13                                       c:/winavr-20100110/bin/../lib/gcc/avr/4.3.3/../../../../avr/lib/avr51/crtusb1286.o
__vector_14                                       c:/winavr-20100110/bin/../lib/gcc/avr/4.3.3/../../../../avr/lib/avr51/crtusb1286.o
__vector_15                                       c:/winavr-20100110/bin/../lib/gcc/avr/4.3.3/../../../../avr/lib/avr51/crtusb1286.o
__vector_16                                       c:/winavr-20100110/bin/../lib/gcc/avr/4.3.3/../../../../avr/lib/avr51/crtusb1286.o
__vector_17                                       c:/winavr-20100110/bin/../lib/gcc/avr/4.3.3/../../../../avr/lib/avr51/crtusb1286.o
__vector_18                                       c:/winavr-20100110/bin/../lib/gcc/avr/4.3.3/../../../../avr/lib/avr51/crtusb1286.o
__vector_19                                       c:/winavr-20100110/bin/../lib/gcc/avr/4.3.3/../../../../avr/lib/avr51/crtusb1286.o
__vector_2                                        c:/winavr-20100110/bin/../lib/gcc/avr/4.3.3/../../../../avr/lib/avr51/crtusb1286.o
__vector_20                                       BootloaderCDC.o
                                                  c:/winavr-20100110/bin/../lib/gcc/avr/4.3.3/../../../../avr/lib/avr51/crtusb1286.o
__vector_21                                       c:/winavr-20100110/bin/../lib/gcc/avr/4.3.3/../../../../avr/lib/avr51/crtusb1286.o
__vector_22                                       c:/winavr-20100110/bin/../lib/gcc/avr/4.3.3/../../../../avr/lib/avr51/crtusb1286.o
__vector_23                                       c:/winavr-20100110/bin/../lib/gcc/avr/4.3.3/../../../../avr/lib/avr51/crtusb1286.o
__vector_24                                       c:/winavr-20100110/bin/../lib/gcc/avr/4.3.3/../../../../avr/lib/avr51/crtusb1286.o
__vector_25                                       c:/winavr-20100110/bin/../lib/gcc/avr/4.3.3/../../../../avr/lib/avr51/crtusb1286.o
__vector_26                                       c:/winavr-20100110/bin/../lib/gcc/avr/4.3.3/../../../../avr/lib/avr51/crtusb1286.o
__vector_27                                       c:/winavr-20100110/bin/../lib/gcc/avr/4.3.3/../../../../avr/lib/avr51/crtusb1286.o
__vector_28                                       c:/winavr-20100110/bin/../lib/gcc/avr/4.3.3/../../../../avr/lib/avr51/crtusb1286.o
__vector_29                                       c:/winavr-20100110/bin/../lib/gcc/avr/4.3.3/../../../../avr/lib/avr51/crtusb1286.o
__vector_3                                        c:/winavr-20100110/bin/../lib/gcc/avr/4.3.3/../../../../avr/lib/avr51/crtusb1286.o
__vector_30                                       c:/winavr-20100110/bin/../lib/gcc/avr/4.3.3/../../../../avr/lib/avr51/crtusb1286.o
__vector_31                                       c:/winavr-20100110/bin/../lib/gcc/avr/4.3.3/../../../../avr/lib/avr51/crtusb1286.o
__vector_32                                       c:/winavr-20100110/bin/../lib/gcc/avr/4.3.3/../../../../avr/lib/avr51/crtusb1286.o
__vector_33                                       c:/winavr-20100110/bin/../lib/gcc/avr/4.3.3/../../../../avr/lib/avr51/crtusb1286.o
__vector_34                                       c:/winavr-20100110/bin/../lib/gcc/avr/4.3.3/../../../../avr/lib/avr51/crtusb1286.o
__vector_35                                       c:/winavr-20100110/bin/../lib/gcc/avr/4.3.3/../../../../avr/lib/avr51/crtusb1286.o
__vector_36                                       c:/winavr-20100110/bin/../lib/gcc/avr/4.3.3/../../../../avr/lib/avr51/crtusb1286.o
__vector_37                                       c:/winavr-20100110/bin/../lib/gcc/avr/4.3.3/../../../../avr/lib/avr51/crtusb1286.o
__vector_4                                        c:/winavr-20100110/bin/../lib/gcc/avr/4.3.3/../../../../avr/lib/avr51/crtusb1286.o
__vector_5                                        c:/winavr-20100110/bin/../lib/gcc/avr/4.3.3/../../../../avr/lib/avr51/crtusb1286.o
__vector_6                                        c:/winavr-20100110/bin/../lib/gcc/avr/4.3.3/../../../../avr/lib/avr51/crtusb1286.o
__vector_7                                        c:/winavr-20100110/bin/../lib/gcc/avr/4.3.3/../../../../avr/lib/avr51/crtusb1286.o
__vector_8                                        c:/winavr-20100110/bin/../lib/gcc/avr/4.3.3/../../../../avr/lib/avr51/crtusb1286.o
__vector_9                                        c:/winavr-20100110/bin/../lib/gcc/avr/4.3.3/../../../../avr/lib/avr51/crtusb1286.o
__vector_default                                  c:/winavr-20100110/bin/../lib/gcc/avr/4.3.3/../../../../avr/lib/avr51/crtusb1286.o
__vectors                                         c:/winavr-20100110/bin/../lib/gcc/avr/4.3.3/../../../../avr/lib/avr51/crtusb1286.o
_exit                                             c:/winavr-20100110/bin/../lib/gcc/avr/4.3.3/avr51\libgcc.a(_exit.o)
exit                                              c:/winavr-20100110/bin/../lib/gcc/avr/4.3.3/avr51\libgcc.a(_exit.o)
                                                  c:/winavr-20100110/bin/../lib/gcc/avr/4.3.3/../../../../avr/lib/avr51/crtusb1286.o
main                                              BootloaderCDC.o
                                                  c:/winavr-20100110/bin/../lib/gcc/avr/4.3.3/../../../../avr/lib/avr51/crtusb1286.o
